{
    "id": 1,
    "name": "Test Account",
    "type": "Guest"
}
